
> node-drop-backend@1.0.0 test
> jest src/__tests__/db/edgeCases.test.ts

jest-haste-map: duplicate manual mock found: better-auth-prisma
  The following files share their name; please delete one of them:
    * <rootDir>\dist\__tests__\__mocks__\better-auth-prisma.js
    * <rootDir>\src\__tests__\__mocks__\better-auth-prisma.ts

jest-haste-map: duplicate manual mock found: better-auth-node
  The following files share their name; please delete one of them:
    * <rootDir>\dist\__tests__\__mocks__\better-auth-node.js
    * <rootDir>\src\__tests__\__mocks__\better-auth-node.ts

jest-haste-map: duplicate manual mock found: better-auth-react
  The following files share their name; please delete one of them:
    * <rootDir>\dist\__tests__\__mocks__\better-auth-react.js
    * <rootDir>\src\__tests__\__mocks__\better-auth-react.ts

jest-haste-map: duplicate manual mock found: better-auth
  The following files share their name; please delete one of them:
    * <rootDir>\dist\__tests__\__mocks__\better-auth.js
    * <rootDir>\src\__tests__\__mocks__\better-auth.ts

node.exe : ts-jest[ts-jest-transformer] (WARN) Define `ts-jest` config under `globals` is deprecated. Please do
At line:1 char:1
+ & "C:\Program Files\nodejs/node.exe" "C:\Users\nauma\AppData\Roaming\ ...
+ ~~~~~~~~~~~~~~~~~~~~~~~~~~~~~~~~~~~~~~~~~~~~~~~~~~~~~~~~~~~~~~~~~~~~~
    + CategoryInfo          : NotSpecified: (ts-jest[ts-jest...ated. Please do:String) [], RemoteException
    + FullyQualifiedErrorId : NativeCommandError
 
transform: {
    <transform_regex>: ['ts-jest', { /* ts-jest config goes here in Jest */ }],
},
See more at https://kulshekhar.github.io/ts-jest/docs/getting-started/presets#advanced
ts-jest[config] (WARN) 
    The "ts-jest" config option "isolatedModules" is deprecated and will be removed in v30.0.0. Please use 
"isolatedModules: true" in C:/Users/nauma/Desktop/sites/node-drop/backend/tsconfig.json instead, see 
https://www.typescriptlang.org/tsconfig/#isolatedModules
  
FAIL src/__tests__/db/edgeCases.test.ts
  Edge Cases: JSON Fields, Enums, and Cascading Deletes
    JSON Field Handling - Schema Validation
      ÔêÜ should have JSON fields defined in workflows table (4 ms)
      ÔêÜ should have JSON fields defined in workflowEnvironments table (1 ms)
      ÔêÜ should have JSON fields defined in executions table (1 ms)
      ÔêÜ should have JSON fields defined in nodeExecutions table (1 ms)
      ÔêÜ should have JSON fields defined in flowExecutionStates table (1 ms)
      ÔêÜ should have JSON fields defined in nodeTypes table (1 ms)
      ÔêÜ should have JSON fields defined in workspaces table (1 ms)
      ÔêÜ should have JSON fields defined in users table (1 ms)
    Enum Handling - Schema Validation
      ├ù should have boolean fields for workflow active status (2 ms)
      ├ù should have text fields for execution status enum (1 ms)
      ÔêÜ should have text fields for environment enum (1 ms)
      ├ù should have text fields for node execution status enum (1 ms)
      ├ù should have text fields for workspace member role enum (1 ms)
      ├ù should have text fields for credential permission enum (1 ms)
      ├ù should have text fields for workflow environment status enum (1 ms)
    Cascading Deletes - Schema Validation
      ├ù should have foreign key relationships for cascading deletes (1 ms)
      ├ù should have foreign key relationships in executions table (1 ms)
      ├ù should have foreign key relationships in nodeExecutions table (2 ms)
      ├ù should have foreign key relationships in workspaceMembers table (1 ms)
      ├ù should have foreign key relationships in credentialShares table (1 ms)
      ├ù should have foreign key relationships in credentials table (1 ms)
    Soft Delete Patterns - Schema Validation
      ├ù should have active flag for soft delete pattern in workflows (1 ms)
      ├ù should have active flag for soft delete pattern in nodeTypes (1 ms)
      ├ù should have status field for soft delete pattern in workflowEnvironments (1 ms)
      ÔêÜ should have timestamps for audit trail in workflows (3 ms)
      ÔêÜ should have timestamps for audit trail in executions (1 ms)
    JSON Field Type Validation
      ÔêÜ should support complex nested JSON structures (1 ms)
      ÔêÜ should support empty JSON arrays (1 ms)
      ÔêÜ should support empty JSON objects (1 ms)
      ÔêÜ should support JSON with special characters (1 ms)
      ÔêÜ should support JSON with null values (1 ms)
      ÔêÜ should support JSON with numeric values (1 ms)
      ÔêÜ should support JSON with boolean values (1 ms)
    Enum Value Validation
      ÔêÜ should support all valid execution status values (3 ms)
      ÔêÜ should support all valid environment values (1 ms)
      ÔêÜ should support all valid workspace member roles (1 ms)
      ÔêÜ should support all valid credential permission values (1 ms)
      ÔêÜ should support all valid node execution status values (1 ms)
      ÔêÜ should support all valid workflow environment status values (1 ms)
    Schema Table Names Validation
      ├ù should have correct table name for workflows (3 ms)
      ├ù should have correct table name for workflowEnvironments (1 ms)
      ├ù should have correct table name for executions
      ├ù should have correct table name for nodeExecutions
      ├ù should have correct table name for flowExecutionStates
      ├ù should have correct table name for nodeTypes
      ├ù should have correct table name for workspaces
      ├ù should have correct table name for workspaceMembers (1 ms)
      ├ù should have correct table name for credentials (1 ms)
      ├ù should have correct table name for credentialShares (1 ms)
      ├ù should have correct table name for users (1 ms)
    Edge Case Handling - Data Type Support
      ÔêÜ should handle JSON serialization of complex objects (1 ms)
      ÔêÜ should handle enum string values correctly (1 ms)
      ÔêÜ should handle cascading delete relationships (1 ms)
      ÔêÜ should handle soft delete with active flag (1 ms)
      ÔêÜ should handle soft delete with status field

  ÔùÅ Edge Cases: JSON Fields, Enums, and Cascading Deletes ÔÇ║ Enum Handling - Schema Validation ÔÇ║ should have 
boolean fields for workflow active status

    expect(received).toBe(expected) // Object.is equality

    Expected: "workflows"
    Received: undefined

    [0m [90m 76 |[39m       [90m// Verify that workflows table is properly defined[39m
     [90m 77 |[39m       expect(workflows)[33m.[39mtoBeDefined()[33m;[39m
    [31m[1m>[22m[39m[90m 78 |[39m       
expect(workflows[33m.[39mtableName)[33m.[39mtoBe([32m'workflows'[39m)[33m;[39m
     [90m    |[39m                                   [31m[1m^[22m[39m
     [90m 79 |[39m     })[33m;[39m
     [90m 80 |[39m
     [90m 81 |[39m     it([32m'should have text fields for execution status enum'[39m[33m,[39m () [33m=>[39m 
{[0m

      at Object.<anonymous> (src/__tests__/db/edgeCases.test.ts:78:35)

  ÔùÅ Edge Cases: JSON Fields, Enums, and Cascading Deletes ÔÇ║ Enum Handling - Schema Validation ÔÇ║ should have text 
fields for execution status enum

    expect(received).toBe(expected) // Object.is equality

    Expected: "executions"
    Received: undefined

    [0m [90m 82 |[39m       [90m// Verify that executions table is properly defined[39m
     [90m 83 |[39m       expect(executions)[33m.[39mtoBeDefined()[33m;[39m
    [31m[1m>[22m[39m[90m 84 |[39m       
expect(executions[33m.[39mtableName)[33m.[39mtoBe([32m'executions'[39m)[33m;[39m
     [90m    |[39m                                    [31m[1m^[22m[39m
     [90m 85 |[39m     })[33m;[39m
     [90m 86 |[39m
     [90m 87 |[39m     it([32m'should have text fields for environment enum'[39m[33m,[39m () [33m=>[39m {[0m

      at Object.<anonymous> (src/__tests__/db/edgeCases.test.ts:84:36)

  ÔùÅ Edge Cases: JSON Fields, Enums, and Cascading Deletes ÔÇ║ Enum Handling - Schema Validation ÔÇ║ should have text 
fields for node execution status enum

    expect(received).toBe(expected) // Object.is equality

    Expected: "node_executions"
    Received: undefined

    [0m [90m 93 |[39m       [90m// Verify that nodeExecutions table has status field[39m
     [90m 94 |[39m       expect(nodeExecutions)[33m.[39mtoBeDefined()[33m;[39m
    [31m[1m>[22m[39m[90m 95 |[39m       
expect(nodeExecutions[33m.[39mtableName)[33m.[39mtoBe([32m'node_executions'[39m)[33m;[39m
     [90m    |[39m                                        [31m[1m^[22m[39m
     [90m 96 |[39m     })[33m;[39m
     [90m 97 |[39m
     [90m 98 |[39m     it([32m'should have text fields for workspace member role enum'[39m[33m,[39m () 
[33m=>[39m {[0m

      at Object.<anonymous> (src/__tests__/db/edgeCases.test.ts:95:40)

  ÔùÅ Edge Cases: JSON Fields, Enums, and Cascading Deletes ÔÇ║ Enum Handling - Schema Validation ÔÇ║ should have text 
fields for workspace member role enum

    expect(received).toBe(expected) // Object.is equality

    Expected: "workspace_members"
    Received: undefined

    [0m [90m  99 |[39m       [90m// Verify that workspaceMembers table has role field[39m
     [90m 100 |[39m       expect(workspaceMembers)[33m.[39mtoBeDefined()[33m;[39m
    [31m[1m>[22m[39m[90m 101 |[39m       
expect(workspaceMembers[33m.[39mtableName)[33m.[39mtoBe([32m'workspace_members'[39m)[33m;[39m
     [90m     |[39m                                          [31m[1m^[22m[39m
     [90m 102 |[39m     })[33m;[39m
     [90m 103 |[39m
     [90m 104 |[39m     it([32m'should have text fields for credential permission enum'[39m[33m,[39m () 
[33m=>[39m {[0m

      at Object.<anonymous> (src/__tests__/db/edgeCases.test.ts:101:42)

  ÔùÅ Edge Cases: JSON Fields, Enums, and Cascading Deletes ÔÇ║ Enum Handling - Schema Validation ÔÇ║ should have text 
fields for credential permission enum

    expect(received).toBe(expected) // Object.is equality

    Expected: "credential_shares"
    Received: undefined

    [0m [90m 105 |[39m       [90m// Verify that credentialShares table has permission field[39m
     [90m 106 |[39m       expect(credentialShares)[33m.[39mtoBeDefined()[33m;[39m
    [31m[1m>[22m[39m[90m 107 |[39m       
expect(credentialShares[33m.[39mtableName)[33m.[39mtoBe([32m'credential_shares'[39m)[33m;[39m
     [90m     |[39m                                          [31m[1m^[22m[39m
     [90m 108 |[39m     })[33m;[39m
     [90m 109 |[39m
     [90m 110 |[39m     it([32m'should have text fields for workflow environment status enum'[39m[33m,[39m () 
[33m=>[39m {[0m

      at Object.<anonymous> (src/__tests__/db/edgeCases.test.ts:107:42)

  ÔùÅ Edge Cases: JSON Fields, Enums, and Cascading Deletes ÔÇ║ Enum Handling - Schema Validation ÔÇ║ should have text 
fields for workflow environment status enum

    expect(received).toBe(expected) // Object.is equality

    Expected: "workflow_environments"
    Received: undefined

    [0m [90m 111 |[39m       [90m// Verify that workflowEnvironments table has status field[39m
     [90m 112 |[39m       expect(workflowEnvironments)[33m.[39mtoBeDefined()[33m;[39m
    [31m[1m>[22m[39m[90m 113 |[39m       
expect(workflowEnvironments[33m.[39mtableName)[33m.[39mtoBe([32m'workflow_environments'[39m)[33m;[39m
     [90m     |[39m                                              [31m[1m^[22m[39m
     [90m 114 |[39m     })[33m;[39m
     [90m 115 |[39m   })[33m;[39m
     [90m 116 |[39m[0m

      at Object.<anonymous> (src/__tests__/db/edgeCases.test.ts:113:46)

  ÔùÅ Edge Cases: JSON Fields, Enums, and Cascading Deletes ÔÇ║ Cascading Deletes - Schema Validation ÔÇ║ should have 
foreign key relationships for cascading deletes

    expect(received).toBe(expected) // Object.is equality

    Expected: "workflows"
    Received: undefined

    [0m [90m 119 |[39m       [90m// Verify that workflows table has userId foreign key[39m
     [90m 120 |[39m       expect(workflows)[33m.[39mtoBeDefined()[33m;[39m
    [31m[1m>[22m[39m[90m 121 |[39m       
expect(workflows[33m.[39mtableName)[33m.[39mtoBe([32m'workflows'[39m)[33m;[39m
     [90m     |[39m                                   [31m[1m^[22m[39m
     [90m 122 |[39m     })[33m;[39m
     [90m 123 |[39m
     [90m 124 |[39m     it([32m'should have foreign key relationships in executions table'[39m[33m,[39m () 
[33m=>[39m {[0m

      at Object.<anonymous> (src/__tests__/db/edgeCases.test.ts:121:35)

  ÔùÅ Edge Cases: JSON Fields, Enums, and Cascading Deletes ÔÇ║ Cascading Deletes - Schema Validation ÔÇ║ should have 
foreign key relationships in executions table

    expect(received).toBe(expected) // Object.is equality

    Expected: "executions"
    Received: undefined

    [0m [90m 125 |[39m       [90m// Verify that executions table has workflowId foreign key[39m
     [90m 126 |[39m       expect(executions)[33m.[39mtoBeDefined()[33m;[39m
    [31m[1m>[22m[39m[90m 127 |[39m       
expect(executions[33m.[39mtableName)[33m.[39mtoBe([32m'executions'[39m)[33m;[39m
     [90m     |[39m                                    [31m[1m^[22m[39m
     [90m 128 |[39m     })[33m;[39m
     [90m 129 |[39m
     [90m 130 |[39m     it([32m'should have foreign key relationships in nodeExecutions table'[39m[33m,[39m () 
[33m=>[39m {[0m

      at Object.<anonymous> (src/__tests__/db/edgeCases.test.ts:127:36)

  ÔùÅ Edge Cases: JSON Fields, Enums, and Cascading Deletes ÔÇ║ Cascading Deletes - Schema Validation ÔÇ║ should have 
foreign key relationships in nodeExecutions table

    expect(received).toBe(expected) // Object.is equality

    Expected: "node_executions"
    Received: undefined

    [0m [90m 131 |[39m       [90m// Verify that nodeExecutions table has executionId foreign key[39m
     [90m 132 |[39m       expect(nodeExecutions)[33m.[39mtoBeDefined()[33m;[39m
    [31m[1m>[22m[39m[90m 133 |[39m       
expect(nodeExecutions[33m.[39mtableName)[33m.[39mtoBe([32m'node_executions'[39m)[33m;[39m
     [90m     |[39m                                        [31m[1m^[22m[39m
     [90m 134 |[39m     })[33m;[39m
     [90m 135 |[39m
     [90m 136 |[39m     it([32m'should have foreign key relationships in workspaceMembers table'[39m[33m,[39m () 
[33m=>[39m {[0m

      at Object.<anonymous> (src/__tests__/db/edgeCases.test.ts:133:40)

  ÔùÅ Edge Cases: JSON Fields, Enums, and Cascading Deletes ÔÇ║ Cascading Deletes - Schema Validation ÔÇ║ should have 
foreign key relationships in workspaceMembers table

    expect(received).toBe(expected) // Object.is equality

    Expected: "workspace_members"
    Received: undefined

    [0m [90m 137 |[39m       [90m// Verify that workspaceMembers table has workspace and user foreign keys[39m
     [90m 138 |[39m       expect(workspaceMembers)[33m.[39mtoBeDefined()[33m;[39m
    [31m[1m>[22m[39m[90m 139 |[39m       
expect(workspaceMembers[33m.[39mtableName)[33m.[39mtoBe([32m'workspace_members'[39m)[33m;[39m
     [90m     |[39m                                          [31m[1m^[22m[39m
     [90m 140 |[39m     })[33m;[39m
     [90m 141 |[39m
     [90m 142 |[39m     it([32m'should have foreign key relationships in credentialShares table'[39m[33m,[39m () 
[33m=>[39m {[0m

      at Object.<anonymous> (src/__tests__/db/edgeCases.test.ts:139:42)

  ÔùÅ Edge Cases: JSON Fields, Enums, and Cascading Deletes ÔÇ║ Cascading Deletes - Schema Validation ÔÇ║ should have 
foreign key relationships in credentialShares table

    expect(received).toBe(expected) // Object.is equality

    Expected: "credential_shares"
    Received: undefined

    [0m [90m 143 |[39m       [90m// Verify that credentialShares table has credential foreign key[39m
     [90m 144 |[39m       expect(credentialShares)[33m.[39mtoBeDefined()[33m;[39m
    [31m[1m>[22m[39m[90m 145 |[39m       
expect(credentialShares[33m.[39mtableName)[33m.[39mtoBe([32m'credential_shares'[39m)[33m;[39m
     [90m     |[39m                                          [31m[1m^[22m[39m
     [90m 146 |[39m     })[33m;[39m
     [90m 147 |[39m
     [90m 148 |[39m     it([32m'should have foreign key relationships in credentials table'[39m[33m,[39m () 
[33m=>[39m {[0m

      at Object.<anonymous> (src/__tests__/db/edgeCases.test.ts:145:42)

  ÔùÅ Edge Cases: JSON Fields, Enums, and Cascading Deletes ÔÇ║ Cascading Deletes - Schema Validation ÔÇ║ should have 
foreign key relationships in credentials table

    expect(received).toBe(expected) // Object.is equality

    Expected: "credentials"
    Received: undefined

    [0m [90m 149 |[39m       [90m// Verify that credentials table has user and workspace foreign keys[39m
     [90m 150 |[39m       expect(credentials)[33m.[39mtoBeDefined()[33m;[39m
    [31m[1m>[22m[39m[90m 151 |[39m       
expect(credentials[33m.[39mtableName)[33m.[39mtoBe([32m'credentials'[39m)[33m;[39m
     [90m     |[39m                                     [31m[1m^[22m[39m
     [90m 152 |[39m     })[33m;[39m
     [90m 153 |[39m   })[33m;[39m
     [90m 154 |[39m[0m

      at Object.<anonymous> (src/__tests__/db/edgeCases.test.ts:151:37)

  ÔùÅ Edge Cases: JSON Fields, Enums, and Cascading Deletes ÔÇ║ Soft Delete Patterns - Schema Validation ÔÇ║ should 
have active flag for soft delete pattern in workflows

    expect(received).toBe(expected) // Object.is equality

    Expected: "workflows"
    Received: undefined

    [0m [90m 157 |[39m       [90m// Verify that workflows table has active field for soft deletes[39m
     [90m 158 |[39m       expect(workflows)[33m.[39mtoBeDefined()[33m;[39m
    [31m[1m>[22m[39m[90m 159 |[39m       
expect(workflows[33m.[39mtableName)[33m.[39mtoBe([32m'workflows'[39m)[33m;[39m
     [90m     |[39m                                   [31m[1m^[22m[39m
     [90m 160 |[39m     })[33m;[39m
     [90m 161 |[39m
     [90m 162 |[39m     it([32m'should have active flag for soft delete pattern in nodeTypes'[39m[33m,[39m () 
[33m=>[39m {[0m

      at Object.<anonymous> (src/__tests__/db/edgeCases.test.ts:159:35)

  ÔùÅ Edge Cases: JSON Fields, Enums, and Cascading Deletes ÔÇ║ Soft Delete Patterns - Schema Validation ÔÇ║ should 
have active flag for soft delete pattern in nodeTypes

    expect(received).toBe(expected) // Object.is equality

    Expected: "node_types"
    Received: undefined

    [0m [90m 163 |[39m       [90m// Verify that nodeTypes table has active field[39m
     [90m 164 |[39m       expect(nodeTypes)[33m.[39mtoBeDefined()[33m;[39m
    [31m[1m>[22m[39m[90m 165 |[39m       
expect(nodeTypes[33m.[39mtableName)[33m.[39mtoBe([32m'node_types'[39m)[33m;[39m
     [90m     |[39m                                   [31m[1m^[22m[39m
     [90m 166 |[39m     })[33m;[39m
     [90m 167 |[39m
     [90m 168 |[39m     it([32m'should have status field for soft delete pattern in 
workflowEnvironments'[39m[33m,[39m () [33m=>[39m {[0m

      at Object.<anonymous> (src/__tests__/db/edgeCases.test.ts:165:35)

  ÔùÅ Edge Cases: JSON Fields, Enums, and Cascading Deletes ÔÇ║ Soft Delete Patterns - Schema Validation ÔÇ║ should 
have status field for soft delete pattern in workflowEnvironments

    expect(received).toBe(expected) // Object.is equality

    Expected: "workflow_environments"
    Received: undefined

    [0m [90m 169 |[39m       [90m// Verify that workflowEnvironments table has status field for soft deletes[39m
     [90m 170 |[39m       expect(workflowEnvironments)[33m.[39mtoBeDefined()[33m;[39m
    [31m[1m>[22m[39m[90m 171 |[39m       
expect(workflowEnvironments[33m.[39mtableName)[33m.[39mtoBe([32m'workflow_environments'[39m)[33m;[39m
     [90m     |[39m                                              [31m[1m^[22m[39m
     [90m 172 |[39m     })[33m;[39m
     [90m 173 |[39m
     [90m 174 |[39m     it([32m'should have timestamps for audit trail in workflows'[39m[33m,[39m () [33m=>[39m 
{[0m

      at Object.<anonymous> (src/__tests__/db/edgeCases.test.ts:171:46)

  ÔùÅ Edge Cases: JSON Fields, Enums, and Cascading Deletes ÔÇ║ Schema Table Names Validation ÔÇ║ should have correct 
table name for workflows

    expect(received).toBe(expected) // Object.is equality

    Expected: "workflows"
    Received: undefined

    [0m [90m 335 |[39m   describe([32m'Schema Table Names Validation'[39m[33m,[39m () [33m=>[39m {
     [90m 336 |[39m     it([32m'should have correct table name for workflows'[39m[33m,[39m () [33m=>[39m {
    [31m[1m>[22m[39m[90m 337 |[39m       
expect(workflows[33m.[39mtableName)[33m.[39mtoBe([32m'workflows'[39m)[33m;[39m
     [90m     |[39m                                   [31m[1m^[22m[39m
     [90m 338 |[39m     })[33m;[39m
     [90m 339 |[39m
     [90m 340 |[39m     it([32m'should have correct table name for workflowEnvironments'[39m[33m,[39m () 
[33m=>[39m {[0m

      at Object.<anonymous> (src/__tests__/db/edgeCases.test.ts:337:35)

  ÔùÅ Edge Cases: JSON Fields, Enums, and Cascading Deletes ÔÇ║ Schema Table Names Validation ÔÇ║ should have correct 
table name for workflowEnvironments

    expect(received).toBe(expected) // Object.is equality

    Expected: "workflow_environments"
    Received: undefined

    [0m [90m 339 |[39m
     [90m 340 |[39m     it([32m'should have correct table name for workflowEnvironments'[39m[33m,[39m () 
[33m=>[39m {
    [31m[1m>[22m[39m[90m 341 |[39m       
expect(workflowEnvironments[33m.[39mtableName)[33m.[39mtoBe([32m'workflow_environments'[39m)[33m;[39m
     [90m     |[39m                                              [31m[1m^[22m[39m
     [90m 342 |[39m     })[33m;[39m
     [90m 343 |[39m
     [90m 344 |[39m     it([32m'should have correct table name for executions'[39m[33m,[39m () [33m=>[39m {[0m

      at Object.<anonymous> (src/__tests__/db/edgeCases.test.ts:341:46)

  ÔùÅ Edge Cases: JSON Fields, Enums, and Cascading Deletes ÔÇ║ Schema Table Names Validation ÔÇ║ should have correct 
table name for executions

    expect(received).toBe(expected) // Object.is equality

    Expected: "executions"
    Received: undefined

    [0m [90m 343 |[39m
     [90m 344 |[39m     it([32m'should have correct table name for executions'[39m[33m,[39m () [33m=>[39m {
    [31m[1m>[22m[39m[90m 345 |[39m       
expect(executions[33m.[39mtableName)[33m.[39mtoBe([32m'executions'[39m)[33m;[39m
     [90m     |[39m                                    [31m[1m^[22m[39m
     [90m 346 |[39m     })[33m;[39m
     [90m 347 |[39m
     [90m 348 |[39m     it([32m'should have correct table name for nodeExecutions'[39m[33m,[39m () [33m=>[39m 
{[0m

      at Object.<anonymous> (src/__tests__/db/edgeCases.test.ts:345:36)

  ÔùÅ Edge Cases: JSON Fields, Enums, and Cascading Deletes ÔÇ║ Schema Table Names Validation ÔÇ║ should have correct 
table name for nodeExecutions

    expect(received).toBe(expected) // Object.is equality

    Expected: "node_executions"
    Received: undefined

    [0m [90m 347 |[39m
     [90m 348 |[39m     it([32m'should have correct table name for nodeExecutions'[39m[33m,[39m () [33m=>[39m {
    [31m[1m>[22m[39m[90m 349 |[39m       
expect(nodeExecutions[33m.[39mtableName)[33m.[39mtoBe([32m'node_executions'[39m)[33m;[39m
     [90m     |[39m                                        [31m[1m^[22m[39m
     [90m 350 |[39m     })[33m;[39m
     [90m 351 |[39m
     [90m 352 |[39m     it([32m'should have correct table name for flowExecutionStates'[39m[33m,[39m () 
[33m=>[39m {[0m

      at Object.<anonymous> (src/__tests__/db/edgeCases.test.ts:349:40)

  ÔùÅ Edge Cases: JSON Fields, Enums, and Cascading Deletes ÔÇ║ Schema Table Names Validation ÔÇ║ should have correct 
table name for flowExecutionStates

    expect(received).toBe(expected) // Object.is equality

    Expected: "flow_execution_states"
    Received: undefined

    [0m [90m 351 |[39m
     [90m 352 |[39m     it([32m'should have correct table name for flowExecutionStates'[39m[33m,[39m () 
[33m=>[39m {
    [31m[1m>[22m[39m[90m 353 |[39m       
expect(flowExecutionStates[33m.[39mtableName)[33m.[39mtoBe([32m'flow_execution_states'[39m)[33m;[39m
     [90m     |[39m                                             [31m[1m^[22m[39m
     [90m 354 |[39m     })[33m;[39m
     [90m 355 |[39m
     [90m 356 |[39m     it([32m'should have correct table name for nodeTypes'[39m[33m,[39m () [33m=>[39m {[0m

      at Object.<anonymous> (src/__tests__/db/edgeCases.test.ts:353:45)

  ÔùÅ Edge Cases: JSON Fields, Enums, and Cascading Deletes ÔÇ║ Schema Table Names Validation ÔÇ║ should have correct 
table name for nodeTypes

    expect(received).toBe(expected) // Object.is equality

    Expected: "node_types"
    Received: undefined

    [0m [90m 355 |[39m
     [90m 356 |[39m     it([32m'should have correct table name for nodeTypes'[39m[33m,[39m () [33m=>[39m {
    [31m[1m>[22m[39m[90m 357 |[39m       
expect(nodeTypes[33m.[39mtableName)[33m.[39mtoBe([32m'node_types'[39m)[33m;[39m
     [90m     |[39m                                   [31m[1m^[22m[39m
     [90m 358 |[39m     })[33m;[39m
     [90m 359 |[39m
     [90m 360 |[39m     it([32m'should have correct table name for workspaces'[39m[33m,[39m () [33m=>[39m {[0m

      at Object.<anonymous> (src/__tests__/db/edgeCases.test.ts:357:35)

  ÔùÅ Edge Cases: JSON Fields, Enums, and Cascading Deletes ÔÇ║ Schema Table Names Validation ÔÇ║ should have correct 
table name for workspaces

    expect(received).toBe(expected) // Object.is equality

    Expected: "workspaces"
    Received: undefined

    [0m [90m 359 |[39m
     [90m 360 |[39m     it([32m'should have correct table name for workspaces'[39m[33m,[39m () [33m=>[39m {
    [31m[1m>[22m[39m[90m 361 |[39m       
expect(workspaces[33m.[39mtableName)[33m.[39mtoBe([32m'workspaces'[39m)[33m;[39m
     [90m     |[39m                                    [31m[1m^[22m[39m
     [90m 362 |[39m     })[33m;[39m
     [90m 363 |[39m
     [90m 364 |[39m     it([32m'should have correct table name for workspaceMembers'[39m[33m,[39m () [33m=>[39m 
{[0m

      at Object.<anonymous> (src/__tests__/db/edgeCases.test.ts:361:36)

  ÔùÅ Edge Cases: JSON Fields, Enums, and Cascading Deletes ÔÇ║ Schema Table Names Validation ÔÇ║ should have correct 
table name for workspaceMembers

    expect(received).toBe(expected) // Object.is equality

    Expected: "workspace_members"
    Received: undefined

    [0m [90m 363 |[39m
     [90m 364 |[39m     it([32m'should have correct table name for workspaceMembers'[39m[33m,[39m () [33m=>[39m 
{
    [31m[1m>[22m[39m[90m 365 |[39m       
expect(workspaceMembers[33m.[39mtableName)[33m.[39mtoBe([32m'workspace_members'[39m)[33m;[39m
     [90m     |[39m                                          [31m[1m^[22m[39m
     [90m 366 |[39m     })[33m;[39m
     [90m 367 |[39m
     [90m 368 |[39m     it([32m'should have correct table name for credentials'[39m[33m,[39m () [33m=>[39m {[0m

      at Object.<anonymous> (src/__tests__/db/edgeCases.test.ts:365:42)

  ÔùÅ Edge Cases: JSON Fields, Enums, and Cascading Deletes ÔÇ║ Schema Table Names Validation ÔÇ║ should have correct 
table name for credentials

    expect(received).toBe(expected) // Object.is equality

    Expected: "credentials"
    Received: undefined

    [0m [90m 367 |[39m
     [90m 368 |[39m     it([32m'should have correct table name for credentials'[39m[33m,[39m () [33m=>[39m {
    [31m[1m>[22m[39m[90m 369 |[39m       
expect(credentials[33m.[39mtableName)[33m.[39mtoBe([32m'credentials'[39m)[33m;[39m
     [90m     |[39m                                     [31m[1m^[22m[39m
     [90m 370 |[39m     })[33m;[39m
     [90m 371 |[39m
     [90m 372 |[39m     it([32m'should have correct table name for credentialShares'[39m[33m,[39m () [33m=>[39m 
{[0m

      at Object.<anonymous> (src/__tests__/db/edgeCases.test.ts:369:37)

  ÔùÅ Edge Cases: JSON Fields, Enums, and Cascading Deletes ÔÇ║ Schema Table Names Validation ÔÇ║ should have correct 
table name for credentialShares

    expect(received).toBe(expected) // Object.is equality

    Expected: "credential_shares"
    Received: undefined

    [0m [90m 371 |[39m
     [90m 372 |[39m     it([32m'should have correct table name for credentialShares'[39m[33m,[39m () [33m=>[39m 
{
    [31m[1m>[22m[39m[90m 373 |[39m       
expect(credentialShares[33m.[39mtableName)[33m.[39mtoBe([32m'credential_shares'[39m)[33m;[39m
     [90m     |[39m                                          [31m[1m^[22m[39m
     [90m 374 |[39m     })[33m;[39m
     [90m 375 |[39m
     [90m 376 |[39m     it([32m'should have correct table name for users'[39m[33m,[39m () [33m=>[39m {[0m

      at Object.<anonymous> (src/__tests__/db/edgeCases.test.ts:373:42)

  ÔùÅ Edge Cases: JSON Fields, Enums, and Cascading Deletes ÔÇ║ Schema Table Names Validation ÔÇ║ should have correct 
table name for users

    expect(received).toBe(expected) // Object.is equality

    Expected: "users"
    Received: undefined

    [0m [90m 375 |[39m
     [90m 376 |[39m     it([32m'should have correct table name for users'[39m[33m,[39m () [33m=>[39m {
    [31m[1m>[22m[39m[90m 377 |[39m       
expect(users[33m.[39mtableName)[33m.[39mtoBe([32m'users'[39m)[33m;[39m
     [90m     |[39m                               [31m[1m^[22m[39m
     [90m 378 |[39m     })[33m;[39m
     [90m 379 |[39m   })[33m;[39m
     [90m 380 |[39m[0m

      at Object.<anonymous> (src/__tests__/db/edgeCases.test.ts:377:31)

--------------------------------------|---------|----------|---------|---------|------------------------
File                                  | % Stmts | % Branch | % Funcs | % Lines | Uncovered Line #s      
--------------------------------------|---------|----------|---------|---------|------------------------
All files                             |    0.36 |        0 |       0 |    0.38 |                        
 config                               |       0 |        0 |       0 |       0 |                        
  auth-role-plugin.ts                 |       0 |        0 |       0 |       0 | 11-84                  
  auth.ts                             |       0 |        0 |       0 |       0 | 10-201                 
  database.ts                         |       0 |        0 |       0 |       0 | 1-56                   
  edition.ts                          |       0 |        0 |       0 |       0 | 8-79                   
  rate-limit.config.ts                |       0 |        0 |       0 |       0 | 6-74                   
  redis.ts                            |       0 |        0 |       0 |       0 | 11-99                  
  webhookOptions.ts                   |       0 |        0 |       0 |       0 | 20-164                 
 controllers                          |       0 |        0 |       0 |       0 |                        
  team.controller.ts                  |       0 |        0 |       0 |       0 | 4-527                  
  user.controller.ts                  |       0 |        0 |       0 |       0 | 2-235                  
  variable.controller.ts              |       0 |        0 |       0 |       0 | 1-228                  
 db                                   |       0 |        0 |       0 |       0 |                        
  client.ts                           |       0 |      100 |       0 |       0 | 1-43                   
  errors.ts                           |       0 |        0 |       0 |       0 | 12-546                 
  migrate.ts                          |       0 |        0 |       0 |       0 | 1-278                  
  queryPatterns.ts                    |       0 |        0 |       0 |       0 | 10-959                 
  transactions.ts                     |       0 |        0 |       0 |       0 | 11-396                 
 db/schema                            |   45.32 |      100 |       0 |    50.4 |                        
  auth.ts                             |   56.25 |      100 |       0 |   69.23 | 38,59,83,106           
  categories.ts                       |       0 |      100 |       0 |       0 | 1-34                   
  credentials.ts                      |   69.23 |      100 |       0 |      75 | 40,74,116              
  executions.ts                       |      60 |      100 |       0 |   66.66 | 62,115,164,210,241,268 
  index.ts                            |       0 |      100 |     100 |       0 | 20-30                  
  nodes.ts                            |   71.42 |      100 |       0 |   83.33 | 67                     
  teams.ts                            |   66.66 |      100 |       0 |      80 | 40,63                  
  triggers.ts                         |       0 |      100 |       0 |       0 | 1-74                   
  variables.ts                        |       0 |      100 |       0 |       0 | 1-54                   
  webhooks.ts                         |       0 |      100 |       0 |       0 | 1-99                   
  workflows.ts                        |    64.7 |      100 |       0 |   68.75 | 47,91,137,171,185      
  workspace.ts                        |      60 |      100 |       0 |   69.23 | 49,69,96,141           
 middleware                           |       0 |        0 |       0 |       0 |                        
  asyncHandler.ts                     |       0 |      100 |       0 |       0 | 3-5                    
  auth.ts                             |       0 |        0 |       0 |       0 | 15-865                 
  edition.ts                          |       0 |        0 |       0 |       0 | 8-42                   
  errorHandler.ts                     |       0 |        0 |       0 |       0 | 2-108                  
  index.ts                            |       0 |      100 |     100 |       0 | 2-5                    
  setupCheck.ts                       |       0 |        0 |       0 |       0 | 2-24                   
  validation.ts                       |       0 |        0 |       0 |       0 | 2-115                  
  webhookBodyParser.ts                |       0 |        0 |       0 |       0 | 2-191                  
  webhookValidation.ts                |       0 |        0 |       0 |       0 | 2-175                  
  workspace.ts                        |       0 |        0 |       0 |       0 | 11-334                 
 nodes                                |       0 |      100 |     100 |       0 |                        
  index.ts                            |       0 |      100 |     100 |       0 | 2-32                   
 nodes/Anthropic                      |       0 |        0 |       0 |       0 |                        
  Anthropic.node.ts                   |       0 |        0 |       0 |       0 | 1-292                  
  index.ts                            |       0 |      100 |       0 |       0 | 1                      
 nodes/Chat                           |       0 |        0 |       0 |       0 |                        
  ChatNode.ts                         |       0 |        0 |       0 |       0 | 7-385                  
  index.ts                            |       0 |      100 |       0 |       0 | 1                      
 nodes/Code                           |       0 |        0 |       0 |       0 |                        
  Code.node.ts                        |       0 |        0 |       0 |       0 | 1-336                  
  index.ts                            |       0 |      100 |       0 |       0 | 1                      
 nodes/CustomTemplate                 |       0 |        0 |       0 |       0 |                        
  CustomTemplate.node.ts              |       0 |        0 |       0 |       0 | 18-471                 
  index.ts                            |       0 |      100 |       0 |       0 | 1                      
 nodes/DataPreview                    |       0 |        0 |       0 |       0 |                        
  DataPreview.node.ts                 |       0 |        0 |       0 |       0 | 13-356                 
  index.ts                            |       0 |      100 |       0 |       0 | 1                      
 nodes/DynamicProperties              |       0 |        0 |       0 |       0 |                        
  DynamicProperties.node.ts           |       0 |        0 |       0 |       0 | 16-391                 
  index.ts                            |       0 |      100 |       0 |       0 | 1                      
 nodes/ErrorTrigger                   |       0 |        0 |       0 |       0 |                        
  ErrorTrigger.node.ts                |       0 |        0 |       0 |       0 | 51-99                  
  index.ts                            |       0 |      100 |     100 |       0 | 1                      
 nodes/GoogleSheetsTrigger            |       0 |        0 |       0 |       0 |                        
  GoogleSheetsTrigger.node.ts         |       0 |        0 |       0 |       0 | 7-496                  
  index.ts                            |       0 |      100 |       0 |       0 | 1                      
 nodes/HttpRequest                    |       0 |        0 |       0 |       0 |                        
  HttpRequest.node.ts                 |       0 |        0 |       0 |       0 | 1-504                  
  index.ts                            |       0 |      100 |       0 |       0 | 1                      
 nodes/IfElse                         |       0 |        0 |       0 |       0 |                        
  IfElse.node.ts                      |       0 |        0 |       0 |       0 | 17-589                 
  index.ts                            |       0 |      100 |       0 |       0 | 1                      
 nodes/ImagePreview                   |       0 |        0 |       0 |       0 |                        
  ImagePreview.node.ts                |       0 |        0 |       0 |       0 | 13-226                 
  index.ts                            |       0 |      100 |       0 |       0 | 1                      
 nodes/Json                           |       0 |        0 |       0 |       0 |                        
  Json.node.ts                        |       0 |        0 |       0 |       0 | 1-194                  
  index.ts                            |       0 |      100 |       0 |       0 | 1                      
 nodes/Loop                           |       0 |        0 |       0 |       0 |                        
  Loop.node.ts                        |       0 |        0 |       0 |       0 | 34-267                 
  index.ts                            |       0 |      100 |     100 |       0 | 1                      
 nodes/ManualTrigger                  |       0 |        0 |       0 |       0 |                        
  ManualTrigger.node.ts               |       0 |        0 |       0 |       0 | 34-333                 
  index.ts                            |       0 |      100 |       0 |       0 | 1                      
 nodes/Merge                          |       0 |        0 |       0 |       0 |                        
  Merge.node.ts                       |       0 |        0 |       0 |       0 | 49-240                 
  index.ts                            |       0 |      100 |     100 |       0 | 1                      
 nodes/OpenAI                         |       0 |        0 |       0 |       0 |                        
  OpenAI.node.ts                      |       0 |        0 |       0 |       0 | 19-450                 
  index.ts                            |       0 |      100 |       0 |       0 | 1                      
 nodes/ScheduleTrigger                |       0 |        0 |       0 |       0 |                        
  ScheduleTrigger.node.ts             |       0 |        0 |       0 |       0 | 7-414                  
  index.ts                            |       0 |      100 |       0 |       0 | 1                      
 nodes/Set                            |       0 |        0 |       0 |       0 |                        
  Set.node.ts                         |       0 |        0 |       0 |       0 | 1-151                  
  index.ts                            |       0 |      100 |       0 |       0 | 1                      
 nodes/Split                          |       0 |        0 |       0 |       0 |                        
  Split.node.ts                       |       0 |        0 |       0 |       0 | 44-285                 
  index.ts                            |       0 |      100 |     100 |       0 | 1                      
 nodes/Switch                         |       0 |        0 |       0 |       0 |                        
  Switch.node.ts                      |       0 |        0 |       0 |       0 | 26-453                 
  index.ts                            |       0 |      100 |       0 |       0 | 1                      
 nodes/TestUpload                     |       0 |        0 |       0 |       0 |                        
  TestUpload.node.ts                  |       0 |        0 |       0 |       0 | 3-36                   
  index.ts                            |       0 |      100 |       0 |       0 | 1                      
 nodes/WebhookTrigger                 |       0 |        0 |       0 |       0 |                        
  WebhookTrigger.node.ts              |       0 |        0 |       0 |       0 | 7-431                  
  index.ts                            |       0 |      100 |       0 |       0 | 1                      
 nodes/WorkflowCalled                 |       0 |        0 |       0 |       0 |                        
  WorkflowCalled.node.ts              |       0 |        0 |       0 |       0 | 7-129                  
  index.ts                            |       0 |      100 |       0 |       0 | 1                      
 nodes/WorkflowTrigger                |       0 |        0 |       0 |       0 |                        
  WorkflowTrigger.node.ts             |       0 |        0 |       0 |       0 | 6-178                  
  WorkflowTriggerHelper.ts            |       0 |        0 |       0 |       0 | 1-387                  
  index.ts                            |       0 |      100 |     100 |       0 | 1                      
 oauth                                |       0 |      100 |       0 |       0 |                        
  OAuthProviderRegistry.ts            |       0 |      100 |       0 |       0 | 72-103                 
  index.ts                            |       0 |      100 |       0 |       0 | 8-34                   
 oauth/credentials                    |       0 |        0 |       0 |       0 |                        
  ApiKey.credentials.ts               |       0 |        0 |       0 |       0 | 2-107                  
  BearerToken.credentials.ts          |       0 |        0 |       0 |       0 | 7-68                   
  GoogleOAuth2.credentials.ts         |       0 |        0 |       0 |       0 | 17-165                 
  HttpBasicAuth.credentials.ts        |       0 |        0 |       0 |       0 | 2-92                   
  MicrosoftOAuth2.credentials.ts      |       0 |        0 |       0 |       0 | 3-66                   
  OAuth2.credentials.ts               |       0 |        0 |       0 |       0 | 7-127                  
  PostgresDb.credentials.ts           |       0 |        0 |       0 |       0 | 7-176                  
  index.ts                            |       0 |      100 |       0 |       0 | 15-36                  
 oauth/providers                      |       0 |        0 |       0 |       0 |                        
  GitHubOAuthProvider.ts              |       0 |        0 |       0 |       0 | 1-63                   
  GoogleOAuthProvider.ts              |       0 |        0 |       0 |       0 | 1-76                   
  MicrosoftOAuthProvider.ts           |       0 |        0 |       0 |       0 | 1-89                   
 rate-limit                           |       0 |        0 |       0 |       0 |                        
  auth-rate-limiters.ts               |       0 |        0 |       0 |       0 | 9-125                  
  rate-limit.config.ts                |       0 |        0 |       0 |       0 | 6-125                  
 routes                               |       0 |        0 |       0 |       0 |                        
  ai-memory.routes.ts                 |       0 |      100 |       0 |       0 | 10-167                 
  auth.ts                             |       0 |        0 |       0 |       0 | 11-525                 
  credentials.ts                      |       0 |        0 |       0 |       0 | 1-584                  
  custom-nodes.ts                     |       0 |        0 |       0 |       0 | 1-555                  
  debug-credentials.ts                |       0 |        0 |       0 |       0 | 5-92                   
  edition.ts                          |       0 |      100 |       0 |       0 | 7-26                   
  environment.ts                      |       0 |        0 |       0 |       0 | 1-504                  
  execution-control.ts                |       0 |        0 |       0 |       0 | 1-347                  
  execution-history.ts                |       0 |        0 |       0 |       0 | 1-391                  
  execution-recovery.ts               |       0 |        0 |       0 |       0 | 1-428                  
  execution-resume.ts                 |       0 |        0 |       0 |       0 | 8-167                  
  executions.ts                       |       0 |        0 |       0 |       0 | 1-481                  
  flow-execution.ts                   |       0 |        0 |       0 |       0 | 1-351                  
  google.ts                           |       0 |        0 |       0 |       0 | 1-231                  
  index.ts                            |       0 |      100 |     100 |       0 | 2-9                    
  node-types.ts                       |       0 |        0 |       0 |       0 | 1-824                  
  nodeEnhancements.ts                 |       0 |        0 |       0 |       0 | 1-119                  
  nodes.ts                            |       0 |        0 |       0 |       0 | 1-309                  
  oauth-generic.ts                    |       0 |        0 |       0 |       0 | 1-357                  
  public-chats.ts                     |       0 |        0 |       0 |       0 | 1-447                  
  public-forms.ts                     |       0 |        0 |       0 |       0 | 1-802                  
  system.ts                           |       0 |        0 |       0 |       0 | 1-268                  
  teams.ts                            |       0 |      100 |     100 |       0 | 1-116                  
  triggers.ts                         |       0 |        0 |       0 |       0 | 1-418                  
  user.routes.ts                      |       0 |        0 |       0 |       0 | 1-96                   
  variables.ts                        |       0 |      100 |       0 |       0 | 2                      
  webhook-logs.ts                     |       0 |        0 |       0 |       0 | 1-127                  
  webhook.ts                          |       0 |        0 |       0 |       0 | 1-629                  
  workflows.ts                        |       0 |        0 |       0 |       0 | 1-371                  
  workspaces.ts                       |       0 |        0 |       0 |       0 | 11-323                 
 scheduled-jobs                       |       0 |        0 |       0 |       0 |                        
  ScheduleJobManager.ts               |       0 |        0 |       0 |       0 | 8-689                  
  test-delete-schedule-job.ts         |       0 |        0 |       0 |       0 | 8-162                  
  test-scheduled-jobs-db.ts           |       0 |        0 |       0 |       0 | 10-164                 
 services                             |       0 |        0 |       0 |       0 |                        
  CategoryService.ts                  |       0 |        0 |       0 |       0 | 2-141                  
  CredentialService.drizzle.ts        |       0 |        0 |       0 |       0 | 1-997                  
  CredentialService.factory.ts        |       0 |        0 |       0 |       0 | 12-102                 
  CredentialService.ts                |       0 |        0 |       0 |       0 | 1-1248                 
  CustomNodeUploadHandler.ts          |       0 |        0 |       0 |       0 | 1-1186                 
  DependencyResolver.ts               |       0 |        0 |       0 |       0 | 2-479                  
  ErrorTriggerService.ts              |       0 |        0 |       0 |       0 | 3-168                  
  ExecutionEngine.ts                  |       0 |        0 |       0 |       0 | 2-1550                 
  ExecutionHistoryService.ts          |       0 |        0 |       0 |       0 | 2-754                  
  ExecutionRecoveryService.ts         |       0 |        0 |       0 |       0 | 2-710                  
  ExecutionResultCache.ts             |       0 |        0 |       0 |       0 | 1-135                  
  ExecutionService.drizzle.ts         |       0 |        0 |       0 |       0 | 1-506                  
  ExecutionService.factory.ts         |       0 |        0 |       0 |       0 | 12-52                  
  ExecutionService.ts                 |       0 |        0 |       0 |       0 | 2-1970                 
  ExecutionTimeoutManager.ts          |       0 |        0 |       0 |       0 | 1-589                  
  FlowExecutionEngine.ts              |       0 |        0 |       0 |       0 | 2-1287                 
  FlowExecutionPersistenceService.ts  |       0 |        0 |       0 |       0 | 2-404                  
  GoogleSheetsHelper.ts               |       0 |        0 |       0 |       0 | 6-454                  
  NodeLoader.ts                       |       0 |        0 |       0 |       0 | 2-890                  
  NodeMarketplace.ts                  |       0 |        0 |       0 |       0 | 1-1229                 
  NodeService.drizzle.ts              |       0 |        0 |       0 |       0 | 1-1300                 
  NodeService.factory.ts              |       0 |        0 |       0 |       0 | 12-75                  
  NodeService.ts                      |       0 |        0 |       0 |       0 | 20-1468                
  NodeSettingsManager.ts              |       0 |        0 |       0 |       0 | 8-350                  
  NodeTemplateGenerator.ts            |       0 |        0 |       0 |       0 | 1-1090                 
  RealtimeExecutionEngine.ts          |       0 |        0 |       0 |       0 | 9-1447                 
  SecureExecutionService.ts           |       0 |        0 |       0 |       0 | 2-1272                 
  SocketService.ts                    |       0 |        0 |       0 |       0 | 2-771                  
  TeamService.drizzle.ts              |       0 |        0 |       0 |       0 | 1-1012                 
  TeamService.ts                      |       0 |        0 |       0 |       0 | 12-234                 
  TokenRefreshService.ts              |       0 |        0 |       0 |       0 | 7-105                  
  TriggerExecutionContext.ts          |       0 |        0 |       0 |       0 | 1-350                  
  TriggerManager.ts                   |       0 |        0 |       0 |       0 | 2-779                  
  TriggerService.drizzle.ts           |       0 |        0 |       0 |       0 | 1-529                  
  TriggerService.factory.ts           |       0 |        0 |       0 |       0 | 12-69                  
  TriggerService.ts                   |       0 |        0 |       0 |       0 | 2-2746                 
  UserService.drizzle.ts              |       0 |        0 |       0 |       0 | 1-578                  
  UserService.ts                      |       0 |        0 |       0 |       0 | 12-67                  
  VariableService.drizzle.ts          |       0 |        0 |       0 |       0 | 1-509                  
  VariableService.factory.ts          |       0 |        0 |       0 |       0 | 12-91                  
  VariableService.ts                  |       0 |        0 |       0 |       0 | 1-488                  
  WebhookRequestLogService.drizzle.ts |       0 |        0 |       0 |       0 | 1-406                  
  WebhookRequestLogService.factory.ts |       0 |        0 |       0 |       0 | 12-56                  
  WebhookRequestLogService.ts         |       0 |        0 |       0 |       0 | 2-352                  
  WorkflowEnvironmentService.ts       |       0 |        0 |       0 |       0 | 2-831                  
  WorkflowService.drizzle.ts          |       0 |        0 |       0 |       0 | 1-970                  
  WorkflowService.ts                  |       0 |        0 |       0 |       0 | 12-765                 
  WorkspaceService.drizzle.ts         |       0 |        0 |       0 |       0 | 1-894                  
  WorkspaceService.ts                 |       0 |        0 |       0 |       0 | 12-217                 
  index.ts                            |       0 |      100 |       0 |       0 | 2-12                   
  password-reset.service.ts           |       0 |        0 |       0 |       0 | 15-317                 
  triggerServiceSingleton.ts          |       0 |        0 |       0 |       0 | 6-59                   
 services/__tests__                   |       0 |        0 |       0 |       0 |                        
  FlowExecutionEngine.verify.ts       |       0 |        0 |       0 |       0 | 6-78                   
 types                                |       0 |        0 |       0 |       0 |                        
  ai.types.ts                         |       0 |      100 |     100 |       0 | 46-87                  
  api.ts                              |       0 |      100 |       0 |       0 | 13-53                  
  database.ts                         |       0 |        0 |       0 |       0 | 2-143                  
  environment.ts                      |       0 |      100 |       0 |       0 | 9-36                   
  execution.types.ts                  |       0 |      100 |       0 |       0 | 14-61                  
  index.ts                            |       0 |      100 |       0 |       0 | 15-80                  
  node.types.ts                       |       0 |      100 |       0 |       0 | 9-47                   
  settings.types.ts                   |       0 |        0 |       0 |       0 | 27-109                 
  variable.types.ts                   |       0 |      100 |       0 |       0 | 10-35                  
  workspace.types.ts                  |       0 |      100 |       0 |       0 | 12-41                  
 utils                                |       0 |        0 |       0 |       0 |                        
  NodeDiscovery.ts                    |       0 |        0 |       0 |       0 | 1-392                  
  auth-error-mapper.ts                |       0 |        0 |       0 |       0 | 23-278                 
  credentialHelpers.ts                |       0 |        0 |       0 |       0 | 9-195                  
  errorHandling.ts                    |       0 |        0 |       0 |       0 | 9-568                  
  errors.ts                           |       0 |        0 |       0 |       0 | 1-43                   
  hmacVerification.ts                 |       0 |        0 |       0 |       0 | 6-109                  
  index.ts                            |       0 |      100 |     100 |       0 | 2-3                    
  logger.ts                           |       0 |        0 |     100 |       0 | 1-31                   
  scheduleUtils.ts                    |       0 |        0 |       0 |       0 | 8-106                  
  setup.ts                            |       0 |        0 |       0 |       0 | 1-91                   
  triggerUtils.ts                     |       0 |        0 |       0 |       0 | 8-107                  
  validation.ts                       |       0 |        0 |       0 |       0 | 1-244                  
  webhookValidation.ts                |       0 |        0 |       0 |       0 | 7-254                  
  workflowValidator.ts                |       0 |        0 |       0 |       0 | 8-241                  
 utils/ai                             |       0 |        0 |       0 |       0 |                        
  MemoryManager.ts                    |       0 |        0 |       0 |       0 | 20-488                 
 utils/errors                         |       0 |        0 |       0 |       0 |                        
  FlowExecutionError.ts               |       0 |        0 |       0 |       0 | 5-86                   
  HttpExecutionError.ts               |       0 |        0 |       0 |       0 | 1-167                  
  index.ts                            |       0 |      100 |     100 |       0 | 2-6                    
 utils/retry                          |       0 |        0 |       0 |       0 |                        
  RetryStrategy.ts                    |       0 |        0 |       0 |       0 | 1-220                  
 utils/security                       |       0 |        0 |       0 |       0 |                        
  ResourceLimitsEnforcer.ts           |       0 |        0 |       0 |       0 | 18-188                 
  UrlSecurityValidator.ts             |       0 |        0 |       0 |       0 | 1-361                  
 utils/validation                     |       0 |        0 |       0 |       0 |                        
  variables.ts                        |       0 |        0 |       0 |       0 | 1-101                  
--------------------------------------|---------|----------|---------|---------|------------------------
Jest: "global" coverage threshold for statements (70%) not met: 0.36%
Jest: "global" coverage threshold for branches (70%) not met: 0%
Jest: "global" coverage threshold for lines (70%) not met: 0.38%
Jest: "global" coverage threshold for functions (70%) not met: 0%
Test Suites: 1 failed, 1 total
Tests:       26 failed, 29 passed, 55 total
Snapshots:   0 total
Time:        4.425 s
Ran all test suites matching /src\\__tests__\\db\\edgeCases.test.ts/i.
npm error Lifecycle script `test` failed with error:
npm error code 1
npm error path C:\Users\nauma\Desktop\sites\node-drop\backend
npm error workspace node-drop-backend@1.0.0
npm error location C:\Users\nauma\Desktop\sites\node-drop\backend
npm error command failed
npm error command C:\Windows\system32\cmd.exe /d /s /c jest src/__tests__/db/edgeCases.test.ts
